2025-04-04 17:02:19.052 - INFO  [           main] o.s.b.StartupInfoLogger        : Starting TabPatApplication using Java 17.0.13 with PID 14500 (C:\Users\ABin\IdeaProjects\tabPat\target\classes started by ABin in C:\Users\ABin\IdeaProjects\tabPat)
2025-04-04 17:02:19.067 - INFO  [           main] o.s.b.SpringApplication        : No active profile set, falling back to 1 default profile: "default"
2025-04-04 17:02:19.668 - INFO  [           main] epositoryConfigurationDelegate : Multiple Spring Data modules found, entering strict repository configuration mode
2025-04-04 17:02:19.672 - INFO  [           main] epositoryConfigurationDelegate : Bootstrapping Spring Data Redis repositories in DEFAULT mode.
2025-04-04 17:02:19.701 - INFO  [           main] epositoryConfigurationDelegate : Finished Spring Data repository scanning in 13 ms. Found 0 Redis repository interfaces.
2025-04-04 17:02:20.368 - INFO  [           main] o.s.b.w.e.t.TomcatWebServer    : Tomcat initialized with port 8080 (http)
2025-04-04 17:02:20.380 - INFO  [           main] o.a.j.l.DirectJDKLog           : Initializing ProtocolHandler ["http-nio-8080"]
2025-04-04 17:02:20.381 - INFO  [           main] o.a.j.l.DirectJDKLog           : Starting service [Tomcat]
2025-04-04 17:02:20.381 - INFO  [           main] o.a.j.l.DirectJDKLog           : Starting Servlet engine: [Apache Tomcat/10.1.34]
2025-04-04 17:02:20.427 - INFO  [           main] o.a.j.l.DirectJDKLog           : Initializing Spring embedded WebApplicationContext
2025-04-04 17:02:20.428 - INFO  [           main] letWebServerApplicationContext : Root WebApplicationContext: initialization completed in 1329 ms
2025-04-04 17:02:20.952 - WARN  [           main] c.b.m.c.i.DefaultSqlInjector   : class com.example.tabpat.domain.ArticlesCountDo ,Not found @TableId annotation, Cannot use Mybatis-Plus 'xxById' Method.
2025-04-04 17:02:20.967 - WARN  [           main] c.b.m.c.i.DefaultSqlInjector   : class com.example.tabpat.domain.ArticlesDo ,Not found @TableId annotation, Cannot use Mybatis-Plus 'xxById' Method.
2025-04-04 17:02:20.980 - WARN  [           main] c.b.m.c.i.DefaultSqlInjector   : class com.example.tabpat.domain.ArticlesLabelDo ,Not found @TableId annotation, Cannot use Mybatis-Plus 'xxById' Method.
2025-04-04 17:02:20.988 - WARN  [           main] c.b.m.c.i.DefaultSqlInjector   : class com.example.tabpat.domain.CommentDo ,Not found @TableId annotation, Cannot use Mybatis-Plus 'xxById' Method.
2025-04-04 17:02:20.995 - WARN  [           main] c.b.m.c.i.DefaultSqlInjector   : class com.example.tabpat.domain.FileUploadDo ,Not found @TableId annotation, Cannot use Mybatis-Plus 'xxById' Method.
2025-04-04 17:02:21.004 - WARN  [           main] c.b.m.c.i.DefaultSqlInjector   : class com.example.tabpat.domain.LabelDo ,Not found @TableId annotation, Cannot use Mybatis-Plus 'xxById' Method.
2025-04-04 17:02:21.024 - WARN  [           main] c.b.m.c.i.DefaultSqlInjector   : class com.example.tabpat.domain.RolePermissionDo ,Not found @TableId annotation, Cannot use Mybatis-Plus 'xxById' Method.
2025-04-04 17:02:21.039 - WARN  [           main] c.b.m.c.i.DefaultSqlInjector   : class com.example.tabpat.domain.UserDo ,Not found @TableId annotation, Cannot use Mybatis-Plus 'xxById' Method.
2025-04-04 17:02:21.048 - WARN  [           main] c.b.m.c.i.DefaultSqlInjector   : class com.example.tabpat.domain.UserLabelDo ,Not found @TableId annotation, Cannot use Mybatis-Plus 'xxById' Method.
2025-04-04 17:02:21.057 - WARN  [           main] c.b.m.c.i.DefaultSqlInjector   : class com.example.tabpat.domain.UserRoleDo ,Not found @TableId annotation, Cannot use Mybatis-Plus 'xxById' Method.
2025-04-04 17:02:21.398 - INFO  [           main] zeUserDetailsManagerConfigurer : Global AuthenticationManager configured with UserDetailsService bean with name loginService
2025-04-04 17:02:21.853 - INFO  [           main] o.a.j.l.DirectJDKLog           : Starting ProtocolHandler ["http-nio-8080"]
2025-04-04 17:02:21.871 - INFO  [           main] o.s.b.w.e.t.TomcatWebServer    : Tomcat started on port 8080 (http) with context path '/'
2025-04-04 17:02:21.881 - INFO  [           main] o.s.b.StartupInfoLogger        : Started TabPatApplication in 3.329 seconds (process running for 4.959)
2025-04-04 17:02:37.739 - INFO  [nio-8080-exec-1] o.a.j.l.DirectJDKLog           : Initializing Spring DispatcherServlet 'dispatcherServlet'
2025-04-04 17:02:37.742 - INFO  [nio-8080-exec-1] o.s.w.s.FrameworkServlet       : Initializing Servlet 'dispatcherServlet'
2025-04-04 17:02:37.743 - INFO  [nio-8080-exec-1] o.s.w.s.FrameworkServlet       : Completed initialization in 1 ms
2025-04-04 17:02:38.006 - INFO  [nio-8080-exec-2] c.z.h.HikariDataSource         : HikariPool-1 - Starting...
2025-04-04 17:02:38.685 - INFO  [nio-8080-exec-2] c.z.h.p.HikariPool             : HikariPool-1 - Added connection com.mysql.cj.jdbc.ConnectionImpl@26fb8ec2
2025-04-04 17:02:38.688 - INFO  [nio-8080-exec-2] c.z.h.HikariDataSource         : HikariPool-1 - Start completed.
2025-04-04 17:38:45.492 - INFO  [ionShutdownHook] o.s.b.w.e.t.GracefulShutdown   : Commencing graceful shutdown. Waiting for active requests to complete
2025-04-04 17:38:45.657 - INFO  [tomcat-shutdown] o.s.b.w.e.t.GracefulShutdown   : Graceful shutdown complete
2025-04-04 17:38:45.777 - INFO  [ionShutdownHook] c.z.h.HikariDataSource         : HikariPool-1 - Shutdown initiated...
2025-04-04 17:38:45.792 - INFO  [ionShutdownHook] c.z.h.HikariDataSource         : HikariPool-1 - Shutdown completed.
2025-04-04 17:38:50.619 - INFO  [           main] o.s.b.StartupInfoLogger        : Starting TabPatApplication using Java 17.0.13 with PID 22900 (C:\Users\ABin\IdeaProjects\tabPat\target\classes started by ABin in C:\Users\ABin\IdeaProjects\tabPat)
2025-04-04 17:38:50.628 - INFO  [           main] o.s.b.SpringApplication        : No active profile set, falling back to 1 default profile: "default"
2025-04-04 17:38:51.263 - INFO  [           main] epositoryConfigurationDelegate : Multiple Spring Data modules found, entering strict repository configuration mode
2025-04-04 17:38:51.266 - INFO  [           main] epositoryConfigurationDelegate : Bootstrapping Spring Data Redis repositories in DEFAULT mode.
2025-04-04 17:38:51.298 - INFO  [           main] epositoryConfigurationDelegate : Finished Spring Data repository scanning in 15 ms. Found 0 Redis repository interfaces.
2025-04-04 17:38:51.961 - INFO  [           main] o.s.b.w.e.t.TomcatWebServer    : Tomcat initialized with port 8080 (http)
2025-04-04 17:38:51.973 - INFO  [           main] o.a.j.l.DirectJDKLog           : Initializing ProtocolHandler ["http-nio-8080"]
2025-04-04 17:38:51.974 - INFO  [           main] o.a.j.l.DirectJDKLog           : Starting service [Tomcat]
2025-04-04 17:38:51.974 - INFO  [           main] o.a.j.l.DirectJDKLog           : Starting Servlet engine: [Apache Tomcat/10.1.34]
2025-04-04 17:38:52.023 - INFO  [           main] o.a.j.l.DirectJDKLog           : Initializing Spring embedded WebApplicationContext
2025-04-04 17:38:52.024 - INFO  [           main] letWebServerApplicationContext : Root WebApplicationContext: initialization completed in 1355 ms
2025-04-04 17:38:52.621 - WARN  [           main] c.b.m.c.i.DefaultSqlInjector   : class com.example.tabpat.domain.ArticlesCountDo ,Not found @TableId annotation, Cannot use Mybatis-Plus 'xxById' Method.
2025-04-04 17:38:52.637 - WARN  [           main] c.b.m.c.i.DefaultSqlInjector   : class com.example.tabpat.domain.ArticlesDo ,Not found @TableId annotation, Cannot use Mybatis-Plus 'xxById' Method.
2025-04-04 17:38:52.653 - WARN  [           main] c.b.m.c.i.DefaultSqlInjector   : class com.example.tabpat.domain.ArticlesLabelDo ,Not found @TableId annotation, Cannot use Mybatis-Plus 'xxById' Method.
2025-04-04 17:38:52.666 - WARN  [           main] c.b.m.c.i.DefaultSqlInjector   : class com.example.tabpat.domain.CommentDo ,Not found @TableId annotation, Cannot use Mybatis-Plus 'xxById' Method.
2025-04-04 17:38:52.680 - WARN  [           main] c.b.m.c.i.DefaultSqlInjector   : class com.example.tabpat.domain.FileUploadDo ,Not found @TableId annotation, Cannot use Mybatis-Plus 'xxById' Method.
2025-04-04 17:38:52.691 - WARN  [           main] c.b.m.c.i.DefaultSqlInjector   : class com.example.tabpat.domain.LabelDo ,Not found @TableId annotation, Cannot use Mybatis-Plus 'xxById' Method.
2025-04-04 17:38:52.717 - WARN  [           main] c.b.m.c.i.DefaultSqlInjector   : class com.example.tabpat.domain.RolePermissionDo ,Not found @TableId annotation, Cannot use Mybatis-Plus 'xxById' Method.
2025-04-04 17:38:52.730 - WARN  [           main] c.b.m.c.i.DefaultSqlInjector   : class com.example.tabpat.domain.UserDo ,Not found @TableId annotation, Cannot use Mybatis-Plus 'xxById' Method.
2025-04-04 17:38:52.743 - WARN  [           main] c.b.m.c.i.DefaultSqlInjector   : class com.example.tabpat.domain.UserLabelDo ,Not found @TableId annotation, Cannot use Mybatis-Plus 'xxById' Method.
2025-04-04 17:38:52.751 - WARN  [           main] c.b.m.c.i.DefaultSqlInjector   : class com.example.tabpat.domain.UserRoleDo ,Not found @TableId annotation, Cannot use Mybatis-Plus 'xxById' Method.
2025-04-04 17:38:53.130 - INFO  [           main] zeUserDetailsManagerConfigurer : Global AuthenticationManager configured with UserDetailsService bean with name loginService
2025-04-04 17:38:53.810 - INFO  [           main] o.a.j.l.DirectJDKLog           : Starting ProtocolHandler ["http-nio-8080"]
2025-04-04 17:38:53.845 - INFO  [           main] o.s.b.w.e.t.TomcatWebServer    : Tomcat started on port 8080 (http) with context path '/'
2025-04-04 17:38:53.863 - INFO  [           main] o.s.b.StartupInfoLogger        : Started TabPatApplication in 3.78 seconds (process running for 4.764)
2025-04-04 17:39:00.949 - INFO  [nio-8080-exec-2] o.a.j.l.DirectJDKLog           : Initializing Spring DispatcherServlet 'dispatcherServlet'
2025-04-04 17:39:00.949 - INFO  [nio-8080-exec-2] o.s.w.s.FrameworkServlet       : Initializing Servlet 'dispatcherServlet'
2025-04-04 17:39:00.952 - INFO  [nio-8080-exec-2] o.s.w.s.FrameworkServlet       : Completed initialization in 3 ms
2025-04-04 17:39:01.717 - INFO  [nio-8080-exec-1] c.z.h.HikariDataSource         : HikariPool-1 - Starting...
2025-04-04 17:39:02.264 - INFO  [nio-8080-exec-1] c.z.h.p.HikariPool             : HikariPool-1 - Added connection com.mysql.cj.jdbc.ConnectionImpl@2427fddd
2025-04-04 17:39:02.266 - INFO  [nio-8080-exec-1] c.z.h.HikariDataSource         : HikariPool-1 - Start completed.
2025-04-04 17:40:04.191 - INFO  [ionShutdownHook] o.s.b.w.e.t.GracefulShutdown   : Commencing graceful shutdown. Waiting for active requests to complete
2025-04-04 17:40:04.337 - INFO  [tomcat-shutdown] o.s.b.w.e.t.GracefulShutdown   : Graceful shutdown complete
2025-04-04 17:40:04.364 - INFO  [ionShutdownHook] c.z.h.HikariDataSource         : HikariPool-1 - Shutdown initiated...
2025-04-04 17:40:04.378 - INFO  [ionShutdownHook] c.z.h.HikariDataSource         : HikariPool-1 - Shutdown completed.
2025-04-04 17:40:07.227 - INFO  [           main] o.s.b.StartupInfoLogger        : Starting TabPatApplication using Java 17.0.13 with PID 8284 (C:\Users\ABin\IdeaProjects\tabPat\target\classes started by ABin in C:\Users\ABin\IdeaProjects\tabPat)
2025-04-04 17:40:07.234 - INFO  [           main] o.s.b.SpringApplication        : No active profile set, falling back to 1 default profile: "default"
2025-04-04 17:40:07.848 - INFO  [           main] epositoryConfigurationDelegate : Multiple Spring Data modules found, entering strict repository configuration mode
2025-04-04 17:40:07.851 - INFO  [           main] epositoryConfigurationDelegate : Bootstrapping Spring Data Redis repositories in DEFAULT mode.
2025-04-04 17:40:07.882 - INFO  [           main] epositoryConfigurationDelegate : Finished Spring Data repository scanning in 14 ms. Found 0 Redis repository interfaces.
2025-04-04 17:40:08.518 - INFO  [           main] o.s.b.w.e.t.TomcatWebServer    : Tomcat initialized with port 8080 (http)
2025-04-04 17:40:08.531 - INFO  [           main] o.a.j.l.DirectJDKLog           : Initializing ProtocolHandler ["http-nio-8080"]
2025-04-04 17:40:08.532 - INFO  [           main] o.a.j.l.DirectJDKLog           : Starting service [Tomcat]
2025-04-04 17:40:08.532 - INFO  [           main] o.a.j.l.DirectJDKLog           : Starting Servlet engine: [Apache Tomcat/10.1.34]
2025-04-04 17:40:08.601 - INFO  [           main] o.a.j.l.DirectJDKLog           : Initializing Spring embedded WebApplicationContext
2025-04-04 17:40:08.602 - INFO  [           main] letWebServerApplicationContext : Root WebApplicationContext: initialization completed in 1326 ms
2025-04-04 17:40:09.412 - WARN  [           main] c.b.m.c.i.DefaultSqlInjector   : class com.example.tabpat.domain.ArticlesCountDo ,Not found @TableId annotation, Cannot use Mybatis-Plus 'xxById' Method.
2025-04-04 17:40:09.443 - WARN  [           main] c.b.m.c.i.DefaultSqlInjector   : class com.example.tabpat.domain.ArticlesDo ,Not found @TableId annotation, Cannot use Mybatis-Plus 'xxById' Method.
2025-04-04 17:40:09.471 - WARN  [           main] c.b.m.c.i.DefaultSqlInjector   : class com.example.tabpat.domain.ArticlesLabelDo ,Not found @TableId annotation, Cannot use Mybatis-Plus 'xxById' Method.
2025-04-04 17:40:09.485 - WARN  [           main] c.b.m.c.i.DefaultSqlInjector   : class com.example.tabpat.domain.CommentDo ,Not found @TableId annotation, Cannot use Mybatis-Plus 'xxById' Method.
2025-04-04 17:40:09.499 - WARN  [           main] c.b.m.c.i.DefaultSqlInjector   : class com.example.tabpat.domain.FileUploadDo ,Not found @TableId annotation, Cannot use Mybatis-Plus 'xxById' Method.
2025-04-04 17:40:09.516 - WARN  [           main] c.b.m.c.i.DefaultSqlInjector   : class com.example.tabpat.domain.LabelDo ,Not found @TableId annotation, Cannot use Mybatis-Plus 'xxById' Method.
2025-04-04 17:40:09.546 - WARN  [           main] c.b.m.c.i.DefaultSqlInjector   : class com.example.tabpat.domain.RolePermissionDo ,Not found @TableId annotation, Cannot use Mybatis-Plus 'xxById' Method.
2025-04-04 17:40:09.559 - WARN  [           main] c.b.m.c.i.DefaultSqlInjector   : class com.example.tabpat.domain.UserDo ,Not found @TableId annotation, Cannot use Mybatis-Plus 'xxById' Method.
2025-04-04 17:40:09.574 - WARN  [           main] c.b.m.c.i.DefaultSqlInjector   : class com.example.tabpat.domain.UserLabelDo ,Not found @TableId annotation, Cannot use Mybatis-Plus 'xxById' Method.
2025-04-04 17:40:09.585 - WARN  [           main] c.b.m.c.i.DefaultSqlInjector   : class com.example.tabpat.domain.UserRoleDo ,Not found @TableId annotation, Cannot use Mybatis-Plus 'xxById' Method.
2025-04-04 17:40:10.055 - INFO  [           main] zeUserDetailsManagerConfigurer : Global AuthenticationManager configured with UserDetailsService bean with name loginService
2025-04-04 17:40:10.566 - INFO  [           main] o.a.j.l.DirectJDKLog           : Starting ProtocolHandler ["http-nio-8080"]
2025-04-04 17:40:10.582 - INFO  [           main] o.s.b.w.e.t.TomcatWebServer    : Tomcat started on port 8080 (http) with context path '/'
2025-04-04 17:40:10.596 - INFO  [           main] o.s.b.StartupInfoLogger        : Started TabPatApplication in 3.86 seconds (process running for 4.735)
2025-04-04 17:40:10.809 - INFO  [nio-8080-exec-1] o.a.j.l.DirectJDKLog           : Initializing Spring DispatcherServlet 'dispatcherServlet'
2025-04-04 17:40:10.809 - INFO  [nio-8080-exec-1] o.s.w.s.FrameworkServlet       : Initializing Servlet 'dispatcherServlet'
2025-04-04 17:40:10.810 - INFO  [nio-8080-exec-1] o.s.w.s.FrameworkServlet       : Completed initialization in 1 ms
2025-04-04 17:40:11.301 - INFO  [nio-8080-exec-4] c.z.h.HikariDataSource         : HikariPool-1 - Starting...
2025-04-04 17:40:11.586 - INFO  [nio-8080-exec-4] c.z.h.p.HikariPool             : HikariPool-1 - Added connection com.mysql.cj.jdbc.ConnectionImpl@41444872
2025-04-04 17:40:11.588 - INFO  [nio-8080-exec-4] c.z.h.HikariDataSource         : HikariPool-1 - Start completed.
